// Jest Snapshot v1, https://goo.gl/fbAQLP

exports[`All Creator Details Test Suite Should return initial data 1`] = `ShallowWrapper {}`;
