// Jest Snapshot v1, https://goo.gl/fbAQLP

exports[`Not Found component test with Enzyme renders without crashing 1`] = `ShallowWrapper {}`;
